
> animated-story@0.1.0 build
> next build

Γû▓ Next.js 16.1.6 (Turbopack)

  Creating an optimized production build ...
Γ£ô Compiled successfully in 3.1s
  Running TypeScript ...
  Collecting page data using 11 workers ...
  Generating static pages using 11 workers (0/10) ...
node.exe : Error 
occurred prerendering 
page "/cart". Read 
more: https://nextjs.or
g/docs/messages/prerend
er-error
At line:1 char:1
+ & "C:\Program 
Files\nodejs/node.exe" 
"C:\Program 
Files\nodejs/node_mo 
...
+ ~~~~~~~~~~~~~~~~~~~~~
~~~~~~~~~~~~~~~~~~~~~~~
~~~~~~~~~~~~~~~~~~~~~~~
~~
    + CategoryInfo     
         : NotSpecifi  
  ed: (Error occurre   
 d ...prerender-err    
or:String) [], Rem    
oteException
    + FullyQualifiedEr 
   rorId : NativeComm  
  andError
 
Error: Event handlers 
cannot be passed to 
Client Component props.
  {className: "flex", 
onSubmit: function 
onSubmit, children: 
...}
                       
         
^^^^^^^^^^^^^^^^^
If you need 
interactivity, 
consider converting 
part of this to a 
Client Component.
    at stringify 
(<anonymous>) {
  digest: '530317259'
}
Export encountered an 
error on /cart/page: 
/cart, exiting the 
build.
Γ¿» Next.js build 
worker exited with 
code: 1 and signal: 
null
