src/app/page.tsx(3,28): error TS2307: Cannot find module '@/components/GallerySection' or its corresponding type declarations.
src/app/page.tsx(4,33): error TS2307: Cannot find module '@/components/ConfirmationSection' or its corresponding type declarations.
src/app/page.tsx(5,28): error TS2307: Cannot find module '@/components/PackingSection' or its corresponding type declarations.
src/app/page.tsx(6,29): error TS2307: Cannot find module '@/components/ShipmentSection' or its corresponding type declarations.
src/app/page.tsx(7,29): error TS2307: Cannot find module '@/components/DeliverySection' or its corresponding type declarations.
